[blog.nxtinteractive.sg/index.html]
[backblue.gif]
[fade.gif]
[index.html]
[maxcdn.bootstrapcdn.com/font-awesome/4.7.0/css/font-awesome.min.css]
[d235vmrai5heq2.cloudfront.net/fonts/fontawesome-free-5.11.1/css/all.min.css]
[d235vmrai5heq2.cloudfront.net/elements/bundles/Zenler/css/Zenler_skeleton6fab.css]
[d235vmrai5heq2.cloudfront.net/elements/bundles/Zenler/css/Zenler_blocks6fab.css]
[d235vmrai5heq2.cloudfront.net/css/community/icon.css]
[d235vmrai5heq2.cloudfront.net/elements/css/counteverest/counteverest.css]
[d235vmrai5heq2.cloudfront.net/css/manage-elements.css]
[d235vmrai5heq2.cloudfront.net/css/admin/lib/bootstrap-sweetalert/sweetalert.css]
[d235vmrai5heq2.cloudfront.net/css/admin/separate/vendor/select2.min.css]
[s3.us-east-1.amazonaws.com/contents.newzenler.com/34045/library/6368dd2d50d28_1667816749_frame-2.png]
[d235vmrai5heq2.cloudfront.net/js/admin/lib/jquery/jquery.min.js]
[d235vmrai5heq2.cloudfront.net/fullcalendar-scheduler/main.js]
[d235vmrai5heq2.cloudfront.net/fullcalendar-scheduler/calendar-main.css]
[d235vmrai5heq2.cloudfront.net/js/default/live-calendar.js]
[d235vmrai5heq2.cloudfront.net/fonts/fontawesome-pro-5.11.1/css/fontawesome.min.css]
[d235vmrai5heq2.cloudfront.net/fonts/fontawesome-pro-5.11.1/css/regular.min.css]
[d235vmrai5heq2.cloudfront.net/fonts/fontawesome-pro-5.11.1/css/light.min.css]
[s3.us-east-1.amazonaws.com/contents.newzenler.com/34045/library/hats-pp-mage-2022-09-15-at-1-56-49636b0fc653db5_lg.jpg]
[blog.nxtinteractive.sg/blog/augmented-reality-virtual-reality-for-the-gaming-industry.html]
[s3.amazonaws.com/contents.newzenler.com/34045/blog/blog-post/16248/data/thumb/s-1.jpg]
[blog.nxtinteractive.sg/blog/augmented-reality-in-automobile-industry.html]
[s3.amazonaws.com/contents.newzenler.com/34045/blog/blog-post/16247/data/thumb/s-5.jpg]
[blog.nxtinteractive.sg/blog/virtual-reality-in-healthcare.html]
[s3.amazonaws.com/contents.newzenler.com/34045/blog/blog-post/16246/data/thumb/s-1.jpg]
[blog.nxtinteractive.sg/blog/augmented-reality-in-healthcare.html]
[s3.amazonaws.com/contents.newzenler.com/34045/blog/blog-post/16245/data/thumb/s-8.jpg]
[blog.nxtinteractive.sg/blog/augmented-reality-development-services.html]
[s3.amazonaws.com/contents.newzenler.com/34045/blog/blog-post/16244/data/thumb/s-6.jpg]
[blog.nxtinteractive.sg/blog/metaverse-development-services.html]
[s3.amazonaws.com/contents.newzenler.com/34045/blog/blog-post/16243/data/thumb/s-3.jpg]
[d235vmrai5heq2.cloudfront.net/js/admin/lib/bootstrap-sweetalert/sweetalert.min.js]
[d235vmrai5heq2.cloudfront.net/elements/bundles/Zenler/js/Zenler_skeleton.bundle.js]
[d235vmrai5heq2.cloudfront.net/js/default/site6fab.js]
[d235vmrai5heq2.cloudfront.net/js/stripe6fab.js]
[d235vmrai5heq2.cloudfront.net/js/default/checkout6fab.js]
[d235vmrai5heq2.cloudfront.net/js/default/review6fab.js]
[d235vmrai5heq2.cloudfront.net/js/tether.min.js]
[d235vmrai5heq2.cloudfront.net/js/zen-tracking6fab.js]
[d235vmrai5heq2.cloudfront.net/js/curriculum6fab.js]
[d235vmrai5heq2.cloudfront.net/js/jquery.blockUI.min.js]
[d235vmrai5heq2.cloudfront.net/elements/js/counteverest/jquery.counteverest.min.js]
[d235vmrai5heq2.cloudfront.net/js/admin/lib/velocity/velocity.min.js]
[d235vmrai5heq2.cloudfront.net/js/admin/lib/velocity/velocity.ui.min.js]
[d235vmrai5heq2.cloudfront.net/js/admin/lib/bootstrap-notify/bootstrap-notify.min.js]
[d235vmrai5heq2.cloudfront.net/js/manage-elements.js]
[d235vmrai5heq2.cloudfront.net/js/default/paypal6fab.js]
[d235vmrai5heq2.cloudfront.net/js/default/live-class6fab.js]
[d235vmrai5heq2.cloudfront.net/js/default/live-webinar6fab.js]
[d235vmrai5heq2.cloudfront.net/js/admin/lib/select2/select2.full.min6fab.js]
[d235vmrai5heq2.cloudfront.net/js/default/webinar6fab.js]
[blog.nxtinteractive.sg/cookiepolicy.html]
[blog.nxtinteractive.sg/elements/bundles/photo-1460925895917-afdab827c52f.jpg]
[blog.nxtinteractive.sg/index.html]
[s3.amazonaws.com/contents.newzenler.com/34045/library/636a8b2d7450c_1667926829_bann.png]
[maxcdn.bootstrapcdn.com/font-awesome/4.7.0/css/font-awesome.min.css]
[d235vmrai5heq2.cloudfront.net/fonts/fontawesome-free-5.11.1/css/all.min.css]
[d235vmrai5heq2.cloudfront.net/loginc206.html]
[d235vmrai5heq2.cloudfront.net/loginf29b.html]
[d235vmrai5heq2.cloudfront.net/login867b.html]
[d235vmrai5heq2.cloudfront.net/login01a9.html]
[d235vmrai5heq2.cloudfront.net/login8808.html]
[d235vmrai5heq2.cloudfront.net/login096f.html]
[d235vmrai5heq2.cloudfront.net/loginb99d.html]
[d235vmrai5heq2.cloudfront.net/login8d82.html]
[d235vmrai5heq2.cloudfront.net/loginbb05.html]
[d235vmrai5heq2.cloudfront.net/loginb286.html]
[d235vmrai5heq2.cloudfront.net/elements/bundles/Zenler/css/Zenler_skeleton6fab.css]
[d235vmrai5heq2.cloudfront.net/login0709.html]
[d235vmrai5heq2.cloudfront.net/elements/bundles/Zenler/images/star.png]
[d235vmrai5heq2.cloudfront.net/elements/bundles/Zenler/images/home-top-bg-new.png]
[d235vmrai5heq2.cloudfront.net/elements/bundles/Zenler/images/view3.jpg]
[d235vmrai5heq2.cloudfront.net/elements/bundles/Zenler/images/view5.jpg]
[d235vmrai5heq2.cloudfront.net/elements/bundles/Zenler/images/bg-02.jpg]
[d235vmrai5heq2.cloudfront.net/elements/bundles/Zenler/images/view.jpg]
[d235vmrai5heq2.cloudfront.net/elements/bundles/bg-05.jpg]
[d235vmrai5heq2.cloudfront.net/elements/bundles/Zenler/images/view2.jpg]
[d235vmrai5heq2.cloudfront.net/elements/bundles/Zenler/css/Zenler_blocks6fab.css]
[d235vmrai5heq2.cloudfront.net/css/community/fonts/zenler-communityfe1c.eot]
[d235vmrai5heq2.cloudfront.net/css/community/fonts/zenler-communityfe1c.ttf]
[d235vmrai5heq2.cloudfront.net/css/community/fonts/zenler-communityfe1c.woff]
[d235vmrai5heq2.cloudfront.net/css/community/icon.css]
[d235vmrai5heq2.cloudfront.net/login23b2.html]
[d235vmrai5heq2.cloudfront.net/elements/css/counteverest/counteverest.css]
[d235vmrai5heq2.cloudfront.net/css/manage-elements.css]
[d235vmrai5heq2.cloudfront.net/css/admin/lib/bootstrap-sweetalert/sweetalert.css]
[d235vmrai5heq2.cloudfront.net/css/admin/separate/vendor/select2.min.css]
[s3.amazonaws.com/contents.newzenler.com/34045/css/brand.css]
[d235vmrai5heq2.cloudfront.net/fullcalendar-scheduler/calendar-main.css]
[d235vmrai5heq2.cloudfront.net/fonts/fontawesome-pro-5.11.1/css/fontawesome.min.css]
[d235vmrai5heq2.cloudfront.net/fonts/fontawesome-pro-5.11.1/css/regular.min.css]
[d235vmrai5heq2.cloudfront.net/fonts/fontawesome-pro-5.11.1/css/light.min.css]
[d235vmrai5heq2.cloudfront.net/login4199.html]
[s3.us-east-1.amazonaws.com/contents.newzenler.com/34045/library/6368d72459bee_1667815204_whatsapp-image-2022-09-15-at-1-56-39-pm.jpg]
[blog.nxtinteractive.sg/login.html]
[blog.nxtinteractive.sg/blog.html]
[s3.us-east-1.amazonaws.com/contents.newzenler.com/34045/users/34045.62ff84e213ee4/s-4.png]
[s3.amazonaws.com/contents.newzenler.com/34045/blog/blog-post/16248/data/thumb/l-1.jpg]
[s3.us-east-1.amazonaws.com/contents.newzenler.com/34045/library/2487_cline_vr_studio_2019031863abf748555f7_lg.jpg]
[blog.nxtinteractive.sg/blog/category/ar.html]
[blog.nxtinteractive.sg/blog/category/augmented-reality.html]
[blog.nxtinteractive.sg/blog/category/games.html]
[blog.nxtinteractive.sg/blog/category/gaming.html]
[blog.nxtinteractive.sg/blog/category/metaverse.html]
[blog.nxtinteractive.sg/blog/category/virtual-reality.html]
[blog.nxtinteractive.sg/blog/augmented-reality-virtual-reality-for-the-gaming-industry.html]
[blog.nxtinteractive.sg/blog/category/vr.html]
[s3.amazonaws.com/contents.newzenler.com/34045/blog/blog-post/16247/data/thumb/l-5.jpg]
[s3.us-east-1.amazonaws.com/contents.newzenler.com/34045/library/0463abf4848002f_lg.png]
[blog.nxtinteractive.sg/blog/category/automobile.html]
[blog.nxtinteractive.sg/blog/category/automobile-industry.html]
[blog.nxtinteractive.sg/blog/augmented-reality-in-automobile-industry.html]
[blog.nxtinteractive.sg/blog/category/cars.html]
[s3.amazonaws.com/contents.newzenler.com/34045/blog/blog-post/16246/data/thumb/l-1.jpg]
[s3.us-east-1.amazonaws.com/contents.newzenler.com/34045/library/VR-Play-in-Bridging-the-Gap-in-Medical-Education63abf1975aa97_lg.jpg]
[blog.nxtinteractive.sg/blog/virtual-reality-in-healthcare.html]
[blog.nxtinteractive.sg/blog/category/healthcare.html]
[s3.amazonaws.com/contents.newzenler.com/34045/blog/blog-post/16245/data/thumb/l-8.jpg]
[s3.us-east-1.amazonaws.com/contents.newzenler.com/34045/library/Augmented-Reality_lead_063abdce8ecfed_lg.jpg]
[blog.nxtinteractive.sg/blog/augmented-reality-in-healthcare.html]
[s3.amazonaws.com/contents.newzenler.com/34045/blog/blog-post/16244/data/thumb/l-6.jpg]
[s3.us-east-1.amazonaws.com/contents.newzenler.com/34045/library/comparison-of-arkit-and-arcore-features-in-2022-163abd7ccbb159_lg.png]
[blog.nxtinteractive.sg/blog/augmented-reality-development-services.html]
[s3.amazonaws.com/contents.newzenler.com/34045/blog/blog-post/16243/data/thumb/l-3.jpg]
[s3.us-east-1.amazonaws.com/contents.newzenler.com/34045/library/metaverse-use-cases-and-benefits63abce869e73c_lg.png]
[blog.nxtinteractive.sg/blog/category/ecommerce.html]
[blog.nxtinteractive.sg/blog/category/fashion.html]
[blog.nxtinteractive.sg/blog/category/real-estate.html]
[blog.nxtinteractive.sg/blog/category/retail.html]
[blog.nxtinteractive.sg/blog/metaverse-development-services.html]
[blog.nxtinteractive.sg/blog/category/virtual-office.html]
[blog.nxtinteractive.sg/privacypolicy.html]
[www.google.com/recaptcha/api4402.js]
[blog.nxtinteractive.sg/cookiepolicy.html]
[www.newzenler.com/images/social-share.jpg]
[d235vmrai5heq2.cloudfront.net/css/app.css]
[d235vmrai5heq2.cloudfront.net/css/admin/separate/pages/login.min.css]
[d235vmrai5heq2.cloudfront.net/css/admin/lib/bootstrap/bootstrap.min.css]
[d235vmrai5heq2.cloudfront.net/css/admin/main.css]
[d235vmrai5heq2.cloudfront.net/images/admin/logo-login.png]
[d235vmrai5heq2.cloudfront.net/password/reset.html]
[d235vmrai5heq2.cloudfront.net/invite-request.html]
[www.google.com/recaptcha/api7ef9.js]
[d235vmrai5heq2.cloudfront.net/js/app.js]
[d235vmrai5heq2.cloudfront.net/js/admin/lib/tether/tether.min.js]
[d235vmrai5heq2.cloudfront.net/js/admin/lib/bootstrap/bootstrap.min.js]
[d235vmrai5heq2.cloudfront.net/js/zen-tracking5e1f.js]
[d235vmrai5heq2.cloudfront.net/js/plugins.js]
[d235vmrai5heq2.cloudfront.net/loginc206.html]
[d235vmrai5heq2.cloudfront.net/loginf29b.html]
[d235vmrai5heq2.cloudfront.net/login867b.html]
[d235vmrai5heq2.cloudfront.net/login01a9.html]
[d235vmrai5heq2.cloudfront.net/login8808.html]
[d235vmrai5heq2.cloudfront.net/login096f.html]
[d235vmrai5heq2.cloudfront.net/loginb99d.html]
[d235vmrai5heq2.cloudfront.net/login8d82.html]
[d235vmrai5heq2.cloudfront.net/loginbb05.html]
[d235vmrai5heq2.cloudfront.net/loginb286.html]
[d235vmrai5heq2.cloudfront.net/login0709.html]
[d235vmrai5heq2.cloudfront.net/css/community/fonts/zenler-communityfe1c.svg]
[d235vmrai5heq2.cloudfront.net/login23b2.html]
[d235vmrai5heq2.cloudfront.net/login4199.html]
[d235vmrai5heq2.cloudfront.net/js/admin/lib/match-height/jquery.matchHeight.min.js]
[blog.nxtinteractive.sg/password/reset.html]
[blog.nxtinteractive.sg/login.html]
[blog.nxtinteractive.sg/blog.html]
[blog.nxtinteractive.sg/register.html]
[blog.nxtinteractive.sg/blog/is-metaverse-the-future-of-social-media.html]
[s3.amazonaws.com/contents.newzenler.com/34045/blog/blog-post/16104/data/thumb/s-8.jpg]
[blog.nxtinteractive.sg/blog/metaverse-development-tools-and-technologies.html]
[s3.amazonaws.com/contents.newzenler.com/34045/blog/blog-post/16005/data/thumb/s-6.jpg]
[blog.nxtinteractive.sg/blog/category/ar.html]
[blog.nxtinteractive.sg/blog/category/augmented-reality.html]
[blog.nxtinteractive.sg/blog/can-virtual-and-augmented-reality-replace-video-games-in-the-near-future.html]
[s3.amazonaws.com/contents.newzenler.com/34045/blog/blog-post/15369/data/thumb/s-1.png]
[blog.nxtinteractive.sg/blog/category/games.html]
[blog.nxtinteractive.sg/blog/category/gaming.html]
[blog.nxtinteractive.sg/blog/metaverse-dictionary-terms-you-need-to-know.html]
[s3.amazonaws.com/contents.newzenler.com/34045/blog/blog-post/15981/data/thumb/s-5.jpg]
[blog.nxtinteractive.sg/blog/effects-of-metaverse-on-society.html]
[s3.amazonaws.com/contents.newzenler.com/34045/blog/blog-post/15838/data/thumb/s-5.png]
[blog.nxtinteractive.sg/blog/category/metaverse.html]
[blog.nxtinteractive.sg/blog/category/virtual-reality.html]
[blog.nxtinteractive.sg/blog/category/vr.html]
[blog.nxtinteractive.sg/blog/category/automobile.html]
[blog.nxtinteractive.sg/blog/category/automobile-industry.html]
[blog.nxtinteractive.sg/blog/category/cars.html]
[blog.nxtinteractive.sg/blog/metaverse-and-its-benefits-for-healthcare-sector.html]
[s3.amazonaws.com/contents.newzenler.com/34045/blog/blog-post/15677/data/thumb/s-1.png]
[blog.nxtinteractive.sg/blog/category/healthcare.html]
[blog.nxtinteractive.sg/blog/category/ecommerce.html]
[blog.nxtinteractive.sg/blog/category/fashion.html]
[blog.nxtinteractive.sg/blog/category/real-estate.html]
[blog.nxtinteractive.sg/blog/category/retail.html]
[blog.nxtinteractive.sg/blog/category/virtual-office.html]
[blog.nxtinteractive.sg/privacypolicy.html]
[d235vmrai5heq2.cloudfront.net/css/app.css]
[d235vmrai5heq2.cloudfront.net/css/admin/separate/pages/login.min.css]
[d235vmrai5heq2.cloudfront.net/css/admin/lib/bootstrap/bootstrap.min.css]
[d235vmrai5heq2.cloudfront.net/img/bst-sort.html]
[d235vmrai5heq2.cloudfront.net/img/bst-down.html]
[d235vmrai5heq2.cloudfront.net/img/bst-up.html]
[d235vmrai5heq2.cloudfront.net/img/gradient-scroll.html]
[d235vmrai5heq2.cloudfront.net/img/statistic-box-red.html]
[d235vmrai5heq2.cloudfront.net/img/statistic-box-purple.html]
[d235vmrai5heq2.cloudfront.net/img/statistic-box-yellow.html]
[d235vmrai5heq2.cloudfront.net/img/statistic-box-green.html]
[d235vmrai5heq2.cloudfront.net/css/admin/main.css]
[d235vmrai5heq2.cloudfront.net/images/back.svg]
[d235vmrai5heq2.cloudfront.net/password/reset.html]
[d235vmrai5heq2.cloudfront.net/img/statistic-box-grid.html]
[d235vmrai5heq2.cloudfront.net/images/default-favicon.ico]
[d235vmrai5heq2.cloudfront.net/css/main/zen-icon/zen-icon.css]
[d235vmrai5heq2.cloudfront.net/css/main/framework.css]
[d235vmrai5heq2.cloudfront.net/css/main/zen.css]
[d235vmrai5heq2.cloudfront.net/css/main/magnific-popup.css]
[widget.trustpilot.com/bootstrap/v5/tp.widget.bootstrap.min.js]
[d235vmrai5heq2.cloudfront.net/images/main/logo.png]
[d235vmrai5heq2.cloudfront.net/pricing.html]
[d235vmrai5heq2.cloudfront.net/login.html]
[d235vmrai5heq2.cloudfront.net/images/main/testimonials/james-milo.jpg]
[d235vmrai5heq2.cloudfront.net/images/main/testimonials/mark-timberlake.jpg]
[d235vmrai5heq2.cloudfront.net/images/star-ratings.jpg]
[d235vmrai5heq2.cloudfront.net/terms.html]
[d235vmrai5heq2.cloudfront.net/privacy-policy.html]
[d235vmrai5heq2.cloudfront.net/cookie-policy.html]
[d235vmrai5heq2.cloudfront.net/js/jquery.js]
[d235vmrai5heq2.cloudfront.net/js/bootstrap.bundle.js]
[d235vmrai5heq2.cloudfront.net/js/jquery.magnific-popup.min.js]
[d235vmrai5heq2.cloudfront.net/invite-request.html]
[blog.nxtinteractive.sg/password/reset.html]
[d235vmrai5heq2.cloudfront.net/js/main/zen.js]
[cdn.polyfill.io/v2/polyfill.min.js]
[www.google.com/recaptcha/api.js]
[blog.nxtinteractive.sg/register.html]
[blog.nxtinteractive.sg/terms.html]
[s3.amazonaws.com/contents.newzenler.com/34045/library/639f35e16688a_1671378401_is-metaverse-the-future-of-social-media.jpg]
[s3.amazonaws.com/contents.newzenler.com/34045/blog/blog-post/16104/data/thumb/l-8.jpg]
[s3.us-east-1.amazonaws.com/contents.newzenler.com/34045/library/What_Is_The_Metaverse_2639f33585ba84_lg.png]
[s3.us-east-1.amazonaws.com/contents.newzenler.com/34045/library/Meta1639f3441e20d6_lg.png]
[blog.nxtinteractive.sg/blog/category/blockchain.html]
[blog.nxtinteractive.sg/blog/category/crypto.html]
[blog.nxtinteractive.sg/blog/category/digital-world.html]
[blog.nxtinteractive.sg/blog/category/experiential.html]
[blog.nxtinteractive.sg/blog/category/interactive.html]
[blog.nxtinteractive.sg/blog/category/nft.html]
[blog.nxtinteractive.sg/blog/category/opportunities.html]
[blog.nxtinteractive.sg/blog/category/singapore.html]
[blog.nxtinteractive.sg/blog/is-metaverse-the-future-of-social-media.html]
[blog.nxtinteractive.sg/blog/category/web3.html]
[s3.amazonaws.com/contents.newzenler.com/34045/library/639743a6c172b_1670857638_whatsapp-image-2022-12-12-at-5-32-01-pm.jpg]
[s3.amazonaws.com/contents.newzenler.com/34045/blog/blog-post/16005/data/thumb/l-6.jpg]
[s3.us-east-1.amazonaws.com/contents.newzenler.com/34045/library/Metaverse_is_Coming-1639740bbb2be2_lg.jpg]
[s3.us-east-1.amazonaws.com/contents.newzenler.com/34045/library/Blockchain_final-086b5b7b9ef74ecf9f20fe627dba1e3463974142285d5_lg.png]
[s3.us-east-1.amazonaws.com/contents.newzenler.com/34045/library/2487_cline_vr_studio_20190318639741e9ac679_lg.jpg]
[s3.us-east-1.amazonaws.com/contents.newzenler.com/34045/library/GettyImages-1362469137_493223_ccyenq6397429c4afb2_lg.jpg]
[blog.nxtinteractive.sg/blog/metaverse-development-tools-and-technologies.html]
[blog.nxtinteractive.sg/blog/category/virtual.html]
[s3.amazonaws.com/contents.newzenler.com/34045/library/636b303c0728b_1667969084_blog-post-24.png]
[s3.amazonaws.com/contents.newzenler.com/34045/blog/blog-post/15369/data/thumb/l-1.png]
[s3.us-east-1.amazonaws.com/contents.newzenler.com/34045/library/09.11.2022636b2efbf0b05_lg.jpg]
[s3.us-east-1.amazonaws.com/contents.newzenler.com/34045/library/Games636b2f843e98b_lg.jpg]
[s3.us-east-1.amazonaws.com/contents.newzenler.com/34045/library/Games 1636b2fdb61aba_lg.png]
[blog.nxtinteractive.sg/blog/can-virtual-and-augmented-reality-replace-video-games-in-the-near-future.html]
[s3.amazonaws.com/contents.newzenler.com/34045/library/6395d52e25181_1670763822_metaverse-dictionary.jpg]
[s3.amazonaws.com/contents.newzenler.com/34045/blog/blog-post/15981/data/thumb/l-5.jpg]
[s3.us-east-1.amazonaws.com/contents.newzenler.com/34045/library/pikachu6395d1b1f26ab_lg.png]
[s3.us-east-1.amazonaws.com/contents.newzenler.com/34045/library/Dec6395d2aae7bfc_lg.jpg]
[blog.nxtinteractive.sg/blog/metaverse-dictionary-terms-you-need-to-know.html]
[s3.amazonaws.com/contents.newzenler.com/34045/library/638e1752b8c0f_1670256466_blog-post-32.png]
[s3.amazonaws.com/contents.newzenler.com/34045/blog/blog-post/15838/data/thumb/l-5.png]
[s3.us-east-1.amazonaws.com/contents.newzenler.com/34045/library/11638e15c80b4a5_lg.png]
[s3.us-east-1.amazonaws.com/contents.newzenler.com/34045/library/123638e1675472b5_lg.png]
[blog.nxtinteractive.sg/blog/effects-of-metaverse-on-society.html]
[blog.nxtinteractive.sg/blog/category/photobooth.html]
[s3.amazonaws.com/contents.newzenler.com/34045/library/638383b8ba5c9_1669563320_blog-post-27.png]
[s3.amazonaws.com/contents.newzenler.com/34045/blog/blog-post/15677/data/thumb/l-1.png]
[s3.us-east-1.amazonaws.com/contents.newzenler.com/34045/library/metaverse-in-healthcare-telemedicine638381c095724_lg.png]
[s3.us-east-1.amazonaws.com/contents.newzenler.com/34045/library/healthcare63838253541b4_lg.png]
[s3.us-east-1.amazonaws.com/contents.newzenler.com/34045/library/healthcare 2638382e61fb0d_lg.png]
[blog.nxtinteractive.sg/blog/category/industries.html]
[blog.nxtinteractive.sg/blog/category/learning.html]
[blog.nxtinteractive.sg/blog/category/medicines.html]
[blog.nxtinteractive.sg/blog/metaverse-and-its-benefits-for-healthcare-sector.html]
[d235vmrai5heq2.cloudfront.net/img/bst-sort.html]
[d235vmrai5heq2.cloudfront.net/img/bst-down.html]
[d235vmrai5heq2.cloudfront.net/img/bst-up.html]
[d235vmrai5heq2.cloudfront.net/img/gradient-scroll.html]
[d235vmrai5heq2.cloudfront.net/img/statistic-box-red.html]
[d235vmrai5heq2.cloudfront.net/img/statistic-box-purple.html]
[d235vmrai5heq2.cloudfront.net/img/statistic-box-yellow.html]
[d235vmrai5heq2.cloudfront.net/img/statistic-box-green.html]
[d235vmrai5heq2.cloudfront.net/img/statistic-box-grid.html]
[blog.nxtinteractive.sg/blog/category/training.html]
[d235vmrai5heq2.cloudfront.net/css/main/zen-icon/fonts/zenlerc261.eot]
[d235vmrai5heq2.cloudfront.net/css/main/zen-icon/fonts/zenlerc261.ttf]
[d235vmrai5heq2.cloudfront.net/css/main/zen-icon/fonts/zenlerc261.woff]
[d235vmrai5heq2.cloudfront.net/css/main/zen-icon/zen-icon.css]
[d235vmrai5heq2.cloudfront.net/css/main/framework.css]
[d235vmrai5heq2.cloudfront.net/css/main/zen.css]
[d235vmrai5heq2.cloudfront.net/css/main/magnific-popup.css]
[d235vmrai5heq2.cloudfront.net/images/main/bg-zenhead.html]
[d235vmrai5heq2.cloudfront.net/xhr.html]
[widget.trustpilot.com/bootstrap/v5/tp.widget.bootstrap.min.js]
[d235vmrai5heq2.cloudfront.net/lib/widget-management.html]
[d235vmrai5heq2.cloudfront.net/login2dc4.html]
[d235vmrai5heq2.cloudfront.net/login2856.html]
[d235vmrai5heq2.cloudfront.net/login0b69.html]
[d235vmrai5heq2.cloudfront.net/pricing.html]
[d235vmrai5heq2.cloudfront.net/images/main/testimonials/daniela-hills.jpg]
[d235vmrai5heq2.cloudfront.net/login.html]
[d235vmrai5heq2.cloudfront.net/terms.html]
[d235vmrai5heq2.cloudfront.net/privacy-policy.html]
[d235vmrai5heq2.cloudfront.net/cookie-policy.html]
[www.gstatic.com/recaptcha/releases/_7Co1fh8iT2hcjvquYJ_3zSP/recaptcha__en.html]
[blog.nxtinteractive.sg/terms.html]
[blog.nxtinteractive.sg/blog/smart-contracts-on-blockchain.html]
[s3.amazonaws.com/contents.newzenler.com/34045/blog/blog-post/15817/data/thumb/s-2.jpg]
[blog.nxtinteractive.sg/blog/metaverse-and-its-benefits-in-the-education-sector.html]
[s3.amazonaws.com/contents.newzenler.com/34045/blog/blog-post/15703/data/thumb/s-5.png]
[blog.nxtinteractive.sg/blog/category/blockchain.html]
[blog.nxtinteractive.sg/blog/what-is-the-future-of-metaverse.html]
[s3.amazonaws.com/contents.newzenler.com/34045/blog/blog-post/15602/data/thumb/s-9.png]
[blog.nxtinteractive.sg/blog/category/crypto.html]
[blog.nxtinteractive.sg/blog/category/digital-world.html]
[blog.nxtinteractive.sg/blog/category/experiential.html]
[blog.nxtinteractive.sg/blog/category/interactive.html]
[blog.nxtinteractive.sg/blog/category/nft.html]
[blog.nxtinteractive.sg/blog/how-is-blockchain-technology-creating-value-for-fashion-brands.html]
[s3.amazonaws.com/contents.newzenler.com/34045/blog/blog-post/15561/data/thumb/s-7.png]
[blog.nxtinteractive.sg/blog/p1xqfsna.html]
[s3.amazonaws.com/contents.newzenler.com/34045/blog/blog-post/15294/data/thumb/s-6.jpg]
[blog.nxtinteractive.sg/blog/relation-between-augmented-reality-and-industries.html]
[s3.amazonaws.com/contents.newzenler.com/34045/blog/blog-post/15289/data/thumb/s-8.png]
[blog.nxtinteractive.sg/blog/category/opportunities.html]
[blog.nxtinteractive.sg/blog/category/singapore.html]
[blog.nxtinteractive.sg/blog/category/web3.html]
[blog.nxtinteractive.sg/blog/category/virtual.html]
[blog.nxtinteractive.sg/blog/what-are-the-different-types-of-event-photobooths.html]
[s3.amazonaws.com/contents.newzenler.com/34045/blog/blog-post/15295/data/thumb/s-4.png]
[blog.nxtinteractive.sg/blog/trends-in-digital-photo-booths-the-future-is-now.html]
[s3.amazonaws.com/contents.newzenler.com/34045/blog/blog-post/13227/data/thumb/s-8.png]
[blog.nxtinteractive.sg/blog/category/photobooth.html]
[blog.nxtinteractive.sg/blog/metaverse-for-businesses-in-singapore-advantages-and-disadvantages.html]
[s3.amazonaws.com/contents.newzenler.com/34045/blog/blog-post/15454/data/thumb/s-9.png]
[blog.nxtinteractive.sg/blog/category/industries.html]
[blog.nxtinteractive.sg/blog/training-in-the-metaverse.html]
[s3.amazonaws.com/contents.newzenler.com/34045/blog/blog-post/13654/data/thumb/s-6.jpg]
[blog.nxtinteractive.sg/blog/hr-in-the-metaverse.html]
[s3.amazonaws.com/contents.newzenler.com/34045/blog/blog-post/13636/data/thumb/s-6.jpg]
[blog.nxtinteractive.sg/blog/category/learning.html]
[blog.nxtinteractive.sg/blog/category/medicines.html]
[blog.nxtinteractive.sg/blog/category/training.html]
[d235vmrai5heq2.cloudfront.net/css/main/zen-icon/fonts/zenlerc261.svg]
[d235vmrai5heq2.cloudfront.net/images/main/bg-zenhead.html]
[d235vmrai5heq2.cloudfront.net/xhr.html]
[d235vmrai5heq2.cloudfront.net/lib/widget-management.html]
[d235vmrai5heq2.cloudfront.net/login2dc4.html]
[d235vmrai5heq2.cloudfront.net/login2856.html]
[d235vmrai5heq2.cloudfront.net/login0b69.html]
[d235vmrai5heq2.cloudfront.net/images/main/money-back.svg]
[d235vmrai5heq2.cloudfront.net/images/main/verified.svg]
[s3.amazonaws.com/contents.newzenler.com/34045/library/638cc6d74b244_1670170327_smart-contract.jpg]
[s3.amazonaws.com/contents.newzenler.com/34045/blog/blog-post/15817/data/thumb/l-2.jpg]
[s3.us-east-1.amazonaws.com/contents.newzenler.com/34045/library/sc638cc2e849fd5_lg.png]
[s3.us-east-1.amazonaws.com/contents.newzenler.com/34045/library/sc1638cc4e756372_lg.png]
[blog.nxtinteractive.sg/blog/smart-contracts-on-blockchain.html]
[s3.amazonaws.com/contents.newzenler.com/34045/library/638699cb69b69_1669765579_blog-post-29.png]
[s3.amazonaws.com/contents.newzenler.com/34045/blog/blog-post/15703/data/thumb/l-5.png]
[s3.us-east-1.amazonaws.com/contents.newzenler.com/34045/library/edu26386992a7f7f6_lg.png]
[blog.nxtinteractive.sg/blog/metaverse-and-its-benefits-in-the-education-sector.html]
[blog.nxtinteractive.sg/blog/category/education.html]
[s3.amazonaws.com/contents.newzenler.com/34045/library/637cca494fe2e_1669122633_blog-post-28.png]
[s3.amazonaws.com/contents.newzenler.com/34045/blog/blog-post/15602/data/thumb/l-9.png]
[s3.us-east-1.amazonaws.com/contents.newzenler.com/34045/library/11637cc911c39f1_lg.png]
[s3.us-east-1.amazonaws.com/contents.newzenler.com/34045/library/12637cc984c45dd_lg.jpg]
[blog.nxtinteractive.sg/blog/what-is-the-future-of-metaverse.html]
[s3.amazonaws.com/contents.newzenler.com/34045/library/6379c0264ef04_1668923430_blog-post-30.png]
[s3.amazonaws.com/contents.newzenler.com/34045/blog/blog-post/15561/data/thumb/l-7.png]
[s3.us-east-1.amazonaws.com/contents.newzenler.com/34045/library/Untitled fashion6379bdd8c5df0_lg.png]
[s3.us-east-1.amazonaws.com/contents.newzenler.com/34045/library/blockchain-the-future-of-textile-and-fashion-industry6379be6577f60_lg.jpg]
[blog.nxtinteractive.sg/blog/category/beauty.html]
[blog.nxtinteractive.sg/blog/category/brand.html]
[blog.nxtinteractive.sg/blog/category/cosmetics.html]
[blog.nxtinteractive.sg/blog/how-is-blockchain-technology-creating-value-for-fashion-brands.html]
[blog.nxtinteractive.sg/blog/category/events.html]
[s3.amazonaws.com/contents.newzenler.com/34045/library/63693b5a89649_1667840858_via-vr.jpg]
[s3.amazonaws.com/contents.newzenler.com/34045/blog/blog-post/15294/data/thumb/l-6.jpg]
[miro.medium.com/max/630/1_DYWjU27HdiPulRyYVaS6Ag.png]
[miro.medium.com/max/630/1_LI88Q4ayDB8cY2xxRBVNww.jpg]
[miro.medium.com/max/630/1_2MjehKkC1u8yiSYqvXCdAw.jpg]
[blog.nxtinteractive.sg/blog/p1xqfsna.html]
[s3.amazonaws.com/contents.newzenler.com/34045/library/63692f10418d7_1667837712_1-ku30xd13dptomajbsbon3w.png]
[s3.amazonaws.com/contents.newzenler.com/34045/blog/blog-post/15289/data/thumb/l-8.png]
[blog.nxtinteractive.sg/blog/relation-between-augmented-reality-and-industries.html]
[s3.amazonaws.com/contents.newzenler.com/34045/library/636938a990b41_1667840169_blog-post-23.png]
[s3.amazonaws.com/contents.newzenler.com/34045/blog/blog-post/15295/data/thumb/l-4.png]
[miro.medium.com/max/630/1_1hoAemxNbNtjqDaAunsHkA.png]
[miro.medium.com/max/630/1_dBiLtb7c4spky-SX2qyRxw.png]
[blog.nxtinteractive.sg/blog/what-are-the-different-types-of-event-photobooths.html]
[s3.amazonaws.com/contents.newzenler.com/34045/library/6301eed6911ea_1661071062_10.png]
[s3.amazonaws.com/contents.newzenler.com/34045/blog/blog-post/13227/data/thumb/l-8.png]
[blog.nxtinteractive.sg/blog/trends-in-digital-photo-booths-the-future-is-now.html]
[blog.nxtinteractive.sg/blog/category/experential.html]
[s3.amazonaws.com/contents.newzenler.com/34045/library/6371e3b700baa_1668408246_blog-post-25.png]
[s3.amazonaws.com/contents.newzenler.com/34045/blog/blog-post/15454/data/thumb/l-9.png]
[s3.us-east-1.amazonaws.com/contents.newzenler.com/34045/library/What-is-Metaverse6371e1ab042f1_lg.jpg]
[s3.us-east-1.amazonaws.com/contents.newzenler.com/34045/library/Metaverse_Business_Opportunities6371e21f857aa_lg.jpg]
[s3.us-east-1.amazonaws.com/contents.newzenler.com/34045/library/arvr_a2304997876371e2ab0ec24_lg.jpg]
[blog.nxtinteractive.sg/blog/metaverse-for-businesses-in-singapore-advantages-and-disadvantages.html]
[s3.amazonaws.com/contents.newzenler.com/34045/library/63193b983a85c_1662598040_training-in-metaverse.jpg]
[s3.amazonaws.com/contents.newzenler.com/34045/blog/blog-post/13654/data/thumb/l-6.jpg]
[blog.nxtinteractive.sg/blog/training-in-the-metaverse.html]
[s3.amazonaws.com/contents.newzenler.com/34045/library/6317eb8454f9d_1662512004_hr-in-metaverse.jpg]
[s3.amazonaws.com/contents.newzenler.com/34045/blog/blog-post/13636/data/thumb/l-6.jpg]
[blog.nxtinteractive.sg/blog/hr-in-the-metaverse.html]
[blog.nxtinteractive.sg/blog/category/education.html]
[blog.nxtinteractive.sg/blog/category/hr.html]
[blog.nxtinteractive.sg/blog/future-of-beauty-cosmetics-industry-in-the-metaverse.html]
[s3.amazonaws.com/contents.newzenler.com/34045/blog/blog-post/13490/data/thumb/s-6.jpg]
[blog.nxtinteractive.sg/blog/category/beauty.html]
[blog.nxtinteractive.sg/blog/event-technology-solutions.html]
[s3.amazonaws.com/contents.newzenler.com/34045/blog/blog-post/13848/data/thumb/s-6.jpg]
[blog.nxtinteractive.sg/blog/category/brand.html]
[blog.nxtinteractive.sg/blog/category/cosmetics.html]
[blog.nxtinteractive.sg/blog/difference-between-centralized-and-decentralized-platforms.html]
[s3.amazonaws.com/contents.newzenler.com/34045/blog/blog-post/15293/data/thumb/s-7.png]
[blog.nxtinteractive.sg/blog/events-registration-technology.html]
[s3.amazonaws.com/contents.newzenler.com/34045/blog/blog-post/13782/data/thumb/s-5.jpg]
[blog.nxtinteractive.sg/blog/category/events.html]
[blog.nxtinteractive.sg/blog/how-an-nft-digital-showroom-can-help-your-business-grow.html]
[s3.amazonaws.com/contents.newzenler.com/34045/blog/blog-post/13356/data/thumb/s-5.jpg]
[blog.nxtinteractive.sg/blog/metaverse-virtual-office-spaces.html]
[s3.amazonaws.com/contents.newzenler.com/34045/blog/blog-post/13329/data/thumb/s-8.jpg]
[blog.nxtinteractive.sg/blog/how-to-use-nfts-in-metaverse-a-beginner-s-guide.html]
[s3.amazonaws.com/contents.newzenler.com/34045/blog/blog-post/13228/data/thumb/s-2.png]
[blog.nxtinteractive.sg/blog/category/experential.html]
[blog.nxtinteractive.sg/blog/category/hr.html]
[s3.amazonaws.com/contents.newzenler.com/34045/library/6311720f4fbe7_1662087695_new.jpg]
[s3.amazonaws.com/contents.newzenler.com/34045/blog/blog-post/13490/data/thumb/l-6.jpg]
[blog.nxtinteractive.sg/blog/future-of-beauty-cosmetics-industry-in-the-metaverse.html]
[s3.amazonaws.com/contents.newzenler.com/34045/library/6323d3109535c_1663292176_emt.jpg]
[s3.amazonaws.com/contents.newzenler.com/34045/blog/blog-post/13848/data/thumb/l-6.jpg]
[blog.nxtinteractive.sg/blog/event-technology-solutions.html]
[s3.amazonaws.com/contents.newzenler.com/34045/library/636934a9257dd_1667839145_blog-post-22.png]
[s3.amazonaws.com/contents.newzenler.com/34045/blog/blog-post/15293/data/thumb/l-7.png]
[miro.medium.com/max/630/1_t9esf3wfptrwVpGv3YFdyQ.png]
[miro.medium.com/max/630/1_QIDsjr_MgkSN51KMdu73RA.png]
[miro.medium.com/max/630/1_d3rVN0RQIEUoQV4sf8MVvQ.png]
[blog.nxtinteractive.sg/blog/difference-between-centralized-and-decentralized-platforms.html]
[s3.amazonaws.com/contents.newzenler.com/34045/library/63204abea4a83_1663060670_event-reg-tech.jpg]
[s3.amazonaws.com/contents.newzenler.com/34045/blog/blog-post/13782/data/thumb/l-5.jpg]
[blog.nxtinteractive.sg/blog/events-registration-technology.html]
[s3.amazonaws.com/contents.newzenler.com/34045/library/6308c77e03430_1661519742_1.jpg]
[s3.amazonaws.com/contents.newzenler.com/34045/blog/blog-post/13356/data/thumb/l-5.jpg]
[blog.nxtinteractive.sg/blog/how-an-nft-digital-showroom-can-help-your-business-grow.html]
[s3.amazonaws.com/contents.newzenler.com/34045/library/6307136b426b6_1661408107_whatsapp-image-2022-08-24-at-1-57-20-pm.jpg]
[s3.amazonaws.com/contents.newzenler.com/34045/blog/blog-post/13329/data/thumb/l-8.jpg]
[blog.nxtinteractive.sg/blog/metaverse-virtual-office-spaces.html]
[s3.amazonaws.com/contents.newzenler.com/34045/library/6301ed9e59ef4_1661070750_9.png]
[s3.amazonaws.com/contents.newzenler.com/34045/blog/blog-post/13228/data/thumb/l-2.png]
[blog.nxtinteractive.sg/blog/how-to-use-nfts-in-metaverse-a-beginner-s-guide.html]
